# serializer version: 1
# name: test_diagnostics_are_sanitized
  dict({
    'account': dict({
      'account_id': '**REDACTED**',
      'email': '**REDACTED**',
      'name': '**REDACTED**',
    }),
    'auth_implementation': 'spacexai',
    'available_models': list([
      'grok-4.5',
      'grok-4.3',
    ]),
    'ai_task': list([
      dict({
        'max_output_tokens': 2048,
        'model': 'grok-4.5',
        'model_entitled': True,
        'title': 'Grok AI Task',
      }),
    ]),
    'conversation': list([
      dict({
        'llm_hass_api': list([
          'assist',
        ]),
        'max_output_tokens': 2048,
        'model': 'grok-4.5',
        'model_entitled': True,
        'prompt': '**REDACTED**',
        'title': 'Grok',
      }),
    ]),
    'oauth': dict({
      'scope': None,
    }),
  })
# ---
